// Jest Snapshot v1, https://goo.gl/fbAQLP

exports[`renders correctly 1`] = `
<RNCSafeAreaProvider
  onInsetsChange={[Function]}
  style={
    Array [
      Object {
        "flex": 1,
      },
      undefined,
    ]
  }
>
  <RNSScreenStack
    style={
      Object {
        "flex": 1,
      }
    }
  >
    <RNSScreen
      forwardedRef={[Function]}
      onAppear={[Function]}
      onDisappear={[Function]}
      onDismissed={[Function]}
      onTransitionProgress={[Function]}
      onWillDisappear={[Function]}
      replaceAnimation="push"
      stackPresentation="push"
      style={
        Object {
          "bottom": 0,
          "left": 0,
          "position": "absolute",
          "right": 0,
          "top": 0,
        }
      }
    >
      <RNSScreenStackHeaderConfig
        backButtonInCustomView={false}
        backgroundColor="rgb(255, 255, 255)"
        color="rgb(0, 122, 255)"
        direction="ltr"
        disableBackButtonMenu={false}
        hidden={false}
        hideBackButton={false}
        largeTitleHideShadow={false}
        title="MockedScreen"
        titleColor="rgb(28, 28, 30)"
        topInsetEnabled={false}
        translucent={false}
      />
      <View
        style={
          Array [
            Object {
              "flex": 1,
            },
            Object {
              "backgroundColor": "rgb(242, 242, 242)",
            },
            undefined,
          ]
        }
      >
        <View
          style={
            Array [
              Object {
                "backgroundColor": "#fff",
              },
              Object {
                "alignItems": "center",
                "flex": 1,
                "paddingTop": 20,
              },
            ]
          }
        >
          <RCTScrollView
            contentContainerStyle={
              Object {
                "alignItems": "flex-start",
              }
            }
            data={Array []}
            disableVirtualization={false}
            getItem={[Function]}
            getItemCount={[Function]}
            horizontal={false}
            initialNumToRender={10}
            keyExtractor={[Function]}
            maxToRenderPerBatch={10}
            onContentSizeChange={[Function]}
            onEndReachedThreshold={2}
            onLayout={[Function]}
            onMomentumScrollEnd={[Function]}
            onRefresh={[Function]}
            onScroll={[Function]}
            onScrollBeginDrag={[Function]}
            onScrollEndDrag={[Function]}
            refreshControl={
              <RefreshControlMock
                onRefresh={[Function]}
                refreshing={false}
              />
            }
            refreshing={false}
            removeClippedSubviews={false}
            renderItem={[Function]}
            scrollEventThrottle={50}
            stickyHeaderIndices={Array []}
            style={
              Object {
                "width": "95%",
              }
            }
            updateCellsBatchingPeriod={50}
            viewabilityConfigCallbackPairs={Array []}
            windowSize={21}
          >
            <RCTRefreshControl />
            <View />
          </RCTScrollView>
        </View>
      </View>
    </RNSScreen>
  </RNSScreenStack>
</RNCSafeAreaProvider>
`;
